// Jest Snapshot v1, https://goo.gl/fbAQLP

exports[`NavBar component Default mounting properties should mount successfully 1`] = `
VueWrapper {
  "_emitted": Object {},
  "_emittedByOrder": Array [],
  "isFunctionalComponent": undefined,
}
`;

exports[`NavBar component Default mounting properties should unmount successfully 1`] = `
VueWrapper {
  "_emitted": Object {},
  "_emittedByOrder": Array [],
  "isFunctionalComponent": undefined,
}
`;
